// Vitest Snapshot v1, https://vitest.dev/guide/snapshot.html

exports[`SimpleDrink > Should match snapshot 1`] = `
<div>
  <a
    class="simple-drink"
    href="/drink/11007"
  >
    <h3>
      Margarita
    </h3>
    <img
      alt="Drink image"
      class="drink-image"
      src="https://www.thecocktaildb.com/images/media/drink/5noda61589575158.jpg"
    />
  </a>
</div>
`;
